<!-- Created with Inkscape (http://www.inkscape.org/) --><svg xmlns:dc="http://purl.org/dc/elements/1.1/" xmlns:cc="http://creativecommons.org/ns#" xmlns:rdf="http://www.w3.org/1999/02/22-rdf-syntax-ns#" xmlns:svg="http://www.w3.org/2000/svg" xmlns="http://www.w3.org/2000/svg" version="1.1" width="210mm" height="297mm" viewbox="0 0 210 297">
<svg:defs><svg:clipPath id="clipPath5815">
      <svg:path d="m 16,18 h 7 v 10.449219 h -7 z m 0,0" id="path8555"/>
    </svg:clipPath>
  </svg:defs><ns0:namedview xmlns:ns0="http://sodipodi.sourceforge.net/DTD/sodipodi-0.dtd"/><svg:g xmlns:ns1="http://www.inkscape.org/namespaces/inkscape" ns1:label=""><svg:g id="surface1" transform="matrix(1.33333 0 0 1.33333 -1.59375 -0.759833)">
    <svg:g style="fill:#000000;fill-opacity:1" id="g34">
      <svg:g id="use30" transform="translate(1.196,13.015)">
        <svg:path style="stroke:none" d="m 4.125,-9.1875 c 0,-0.34375 0,-0.34375 -0.28125,-0.34375 C 3.5,-9.15625 2.78125,-8.625 1.3125,-8.625 v 0.421875 c 0.328125,0 1.046875,0 1.828125,-0.375 v 7.46875 c 0,0.515625 -0.046875,0.6875 -1.296875,0.6875 H 1.390625 V 0 c 0.390625,-0.03125 1.78125,-0.03125 2.25,-0.03125 0.46875,0 1.859375,0 2.234375,0.03125 V -0.421875 H 5.4375 c -1.265625,0 -1.3125,-0.171875 -1.3125,-0.6875 z m 0,0" id="path59"/>
      </svg:g>
      <svg:g id="use32" transform="translate(8.2199001,13.015)">
        <svg:path style="stroke:none" d="M 5.71875,-3.3125 H 9.6875 c 0.203125,0 0.453125,0 0.453125,-0.265625 0,-0.265625 -0.25,-0.265625 -0.453125,-0.265625 H 5.71875 v -3.953125 c 0,-0.203125 0,-0.46875 -0.25,-0.46875 -0.28125,0 -0.28125,0.25 -0.28125,0.46875 V -3.84375 H 1.234375 c -0.203125,0 -0.453125,0 -0.453125,0.265625 0,0.265625 0.234375,0.265625 0.453125,0.265625 H 5.1875 v 3.953125 c 0,0.203125 0,0.46875 0.265625,0.46875 0.265625,0 0.265625,-0.25 0.265625,-0.46875 z m 0,0" id="path63"/>
      </svg:g>
    </svg:g>
    <svg:g style="fill:#000000;fill-opacity:1" id="g38">
      <svg:g id="use36" transform="translate(19.145,1.148)">
        <svg:path style="stroke:none" d="M 5.578125,12.265625 3.0625,6.6875 C 2.953125,6.453125 2.890625,6.453125 2.84375,6.453125 c -0.015625,0 -0.09375,0 -0.25,0.109375 L 1.234375,7.609375 c -0.1875,0.140625 -0.1875,0.171875 -0.1875,0.21875 0,0.078125 0.046875,0.15625 0.140625,0.15625 0.09375,0 0.328125,-0.203125 0.484375,-0.3125 0.09375,-0.0625 0.3125,-0.234375 0.46875,-0.34375 l 2.828125,6.21875 c 0.09375,0.21875 0.171875,0.21875 0.296875,0.21875 0.21875,0 0.25,-0.07813 0.359375,-0.28125 L 12.140625,0 c 0.09375,-0.203125 0.09375,-0.265625 0.09375,-0.28125 0,-0.15625 -0.109375,-0.296875 -0.28125,-0.296875 -0.125,0 -0.21875,0.078125 -0.328125,0.3125 z m 0,0" id="path67"/>
      </svg:g>
    </svg:g>
    <svg:path style="fill:none;stroke:#000000;stroke-width:0.574;stroke-linecap:butt;stroke-linejoin:miter;stroke-miterlimit:10;stroke-opacity:1" d="M 0.0015625,0.001625 H 7.025" transform="matrix(1,0,0,-1,31.1,0.861)" id="path40"/>
    <svg:g style="fill:#000000;fill-opacity:1" id="g44">
      <svg:g id="use42" transform="translate(31.1,13.015)">
        <svg:path style="stroke:none" d="M 1.84375,-8.21875 C 2.453125,-8.015625 2.953125,-8 3.109375,-8 c 1.625,0 2.65625,-1.1875 2.65625,-1.390625 0,-0.0625 -0.03125,-0.140625 -0.109375,-0.140625 -0.03125,0 -0.0625,0 -0.1875,0.0625 -0.8125,0.34375 -1.5,0.390625 -1.875,0.390625 -0.9375,0 -1.609375,-0.28125 -1.890625,-0.40625 -0.09375,-0.046875 -0.125,-0.046875 -0.140625,-0.046875 -0.109375,0 -0.109375,0.09375 -0.109375,0.328125 v 4.25 c 0,0.265625 0,0.34375 0.171875,0.34375 0.0625,0 0.078125,-0.015625 0.21875,-0.1875 C 2.25,-5.375 2.921875,-5.71875 3.640625,-5.71875 c 0.765625,0 1.140625,0.703125 1.25,0.9375 0.25,0.5625 0.265625,1.265625 0.265625,1.8125 0,0.546875 0,1.359375 -0.40625,2 -0.3125,0.53125 -0.875,0.875 -1.515625,0.875 -0.9375,0 -1.875,-0.640625 -2.125,-1.6875 0.0625,0.03125 0.15625,0.046875 0.21875,0.046875 0.25,0 0.640625,-0.140625 0.640625,-0.625 C 1.96875,-2.765625 1.6875,-3 1.328125,-3 c -0.25,0 -0.625,0.125 -0.625,0.6875 0,1.21875 0.96875,2.609375 2.5625,2.609375 1.625,0 3.046875,-1.359375 3.046875,-3.1875 0,-1.703125 -1.15625,-3.125 -2.65625,-3.125 -0.8125,0 -1.453125,0.359375 -1.8125,0.765625 z m 0,0" id="path71"/>
      </svg:g>
    </svg:g>
    <svg:path style="fill:none;stroke:#000000;stroke-width:0.826;stroke-linecap:butt;stroke-linejoin:miter;stroke-miterlimit:10;stroke-opacity:1" d="M -6.875e-4,-1.5625e-4 H 36.929" transform="matrix(1,0,0,-1,1.196,16.16)" id="path46"/>
    <svg:g clip-path="url(#clipPath5815)" clip-rule="nonzero" id="g52">
      <svg:g style="fill:#000000;fill-opacity:1" id="g50">
        <svg:g id="use48" transform="translate(16.148001,28.451)">
          <svg:path style="stroke:none" d="M 6.3125,-2.40625 H 6 c -0.046875,0.234375 -0.15625,1.03125 -0.3125,1.265625 -0.09375,0.125 -0.90625,0.125 -1.34375,0.125 H 1.6875 c 0.390625,-0.328125 1.265625,-1.25 1.640625,-1.59375 2.1875,-2.015625 2.984375,-2.75 2.984375,-4.171875 0,-1.65625 -1.3125,-2.75 -2.96875,-2.75 -1.671875,0 -2.640625,1.40625 -2.640625,2.640625 0,0.734375 0.625,0.734375 0.671875,0.734375 0.296875,0 0.671875,-0.21875 0.671875,-0.671875 C 2.046875,-7.234375 1.78125,-7.5 1.375,-7.5 1.25,-7.5 1.21875,-7.5 1.171875,-7.484375 1.453125,-8.46875 2.21875,-9.125 3.15625,-9.125 4.375,-9.125 5.125,-8.109375 5.125,-6.78125 5.125,-5.5625 4.421875,-4.5 3.59375,-3.578125 L 0.703125,-0.34375 V 0 H 5.9375 Z m 0,0" id="path75"/>
        </svg:g>
      </svg:g>
    </svg:g>
  </svg:g>
</svg:g></svg>